// Jest Snapshot v1, https://goo.gl/fbAQLP

exports[`<StandardsDashboard /> should match the snapshot 1`] = `
Object {
  "options": Object {
    "decodeEntities": true,
    "xml": false,
  },
}
`;
