// Jest Snapshot v1, https://goo.gl/fbAQLP

exports[`<Observe /> should match the snapshot 1`] = `ShallowWrapper {}`;
