// Jest Snapshot v1, https://goo.gl/fbAQLP

exports[`<AssessmentList /> should match the snapshot 1`] = `ShallowWrapper {}`;
