// Jest Snapshot v1, https://goo.gl/fbAQLP

exports[`<Configure /> should match the snapshot 1`] = `ShallowWrapper {}`;
