// Jest Snapshot v1, https://goo.gl/fbAQLP

exports[`<EditableTaskForm /> should match the snapshot 1`] = `ShallowWrapper {}`;
