// Jest Snapshot v1, https://goo.gl/fbAQLP

exports[`<AssessmentForm /> should match the snapshot 1`] = `ShallowWrapper {}`;
