// Jest Snapshot v1, https://goo.gl/fbAQLP

exports[`<AddTasksForm /> should match the snapshot 1`] = `ShallowWrapper {}`;
