// Jest Snapshot v1, https://goo.gl/fbAQLP

exports[`<ReportingPeriodForm /> should match the snapshot 1`] = `ShallowWrapper {}`;
