// Jest Snapshot v1, https://goo.gl/fbAQLP

exports[`<Report /> should match the snapshot 1`] = `ShallowWrapper {}`;
