// Jest Snapshot v1, https://goo.gl/fbAQLP

exports[`<TeachersStudentReport /> should match the snapshot 1`] = `ShallowWrapper {}`;
