// Jest Snapshot v1, https://goo.gl/fbAQLP

exports[`<DateFilterSection /> should match the snapshot 1`] = `ShallowWrapper {}`;
